// Jest Snapshot v1, https://goo.gl/fbAQLP

exports[`test en GridItem Component deberia hacer match copn el snapshot 1`] = `
<div>
  <div
    class="card"
  >
    <img
      alt="Titulander"
      src="https://www.elinmortal.com/"
    />
    <p>
      Titulander
    </p>
  </div>
</div>
`;
